http://www.nytcrossword.com/2016/01/0112-16-new-york-times-crossword.html;
69.  Youngest player ever to hit 500 home runs, familiarly  A-ROD
http://www.nytcrossword.com/2016/03/0304-16-new-york-times-crossword.html;   (In the print version of this puzzle, the clue for 5-Down is "Country with this flag": 
http://www.nytcrossword.com/2016/03/0304-16-new-york-times-crossword.html;)
http://www.nytcrossword.com/2016/03/0322-16-new-york-times-crossword.html;
62.  Commercial ending with Water  -PIK
http://www.nytcrossword.com/2016/04/0415-16-new-york-times-crossword.html;
53.  Look through?  X-RAY
http://www.nytcrossword.com/2016/06/0617-16-new-york-times-crossword.html;
10...See 29-Across..TEBOW
http://www.nytcrossword.com/2016/06/0617-16-new-york-times-crossword.html;
15...Utterly..STONE-COLD
http://www.nytcrossword.com/2016/06/0617-16-new-york-times-crossword.html;
16...Not act conservatively..EMOTE
http://www.nytcrossword.com/2016/06/0617-16-new-york-times-crossword.html;
18...Widespread unrest..RIOTS
http://www.nytcrossword.com/2016/06/0617-16-new-york-times-crossword.html;
19...Got on a roll?..ATE
http://www.nytcrossword.com/2016/06/0617-16-new-york-times-crossword.html;
20...Plot element..TOMB
http://www.nytcrossword.com/2016/06/0617-16-new-york-times-crossword.html;
22...First name in 39-Down research..DIAN
http://www.nytcrossword.com/2016/06/0617-16-new-york-times-crossword.html;
24...God with green skin..OSIRIS
http://www.nytcrossword.com/2016/06/0617-16-new-york-times-crossword.html;
26...Where "crossword" is "korsord": Abbr...SWE
http://www.nytcrossword.com/2016/06/0617-16-new-york-times-crossword.html;
27...Good-sized combo..OCTET
http://www.nytcrossword.com/2016/06/0617-16-new-york-times-crossword.html;
29...With 10-Across, player that the Broncos replaced with Peyton Manning..TIM
http://www.nytcrossword.com/2016/06/0617-16-new-york-times-crossword.html;
35...Like much locker room language..COARSE
http://www.nytcrossword.com/2016/06/0617-16-new-york-times-crossword.html;
37...Things to cry over?..ONIONS
http://www.nytcrossword.com/2016/06/0617-16-new-york-times-crossword.html;
40...Tabula ___..RASA
http://www.nytcrossword.com/2016/06/0617-16-new-york-times-crossword.html;
41...Audio receiver..EAR
http://www.nytcrossword.com/2016/06/0617-16-new-york-times-crossword.html;
42...Mountain climbers?..T-BARS
http://www.nytcrossword.com/2016/06/0617-16-new-york-times-crossword.html;
46...Exemplar of ease..ABC
http://www.nytcrossword.com/2016/06/0617-16-new-york-times-crossword.html;
47...Hub for All Nippon Airways..NARITA
http://www.nytcrossword.com/2016/06/0617-16-new-york-times-crossword.html;
50...Sports great with the 1993 memoir "Days of Grace"..ASHE
http://www.nytcrossword.com/2016/06/0617-16-new-york-times-crossword.html;
51...Place for billiards or bingo..PARLOR
http://www.nytcrossword.com/2016/06/0617-16-new-york-times-crossword.html;
53...Forum rule enforcers, for short..MODS
http://www.nytcrossword.com/2016/06/0617-16-new-york-times-crossword.html;
55...Neptune vis-à-vis Saturn..SON
http://www.nytcrossword.com/2016/06/0617-16-new-york-times-crossword.html;
56...Fajita option..STEAK
http://www.nytcrossword.com/2016/06/0617-16-new-york-times-crossword.html;
57...Halves of twinsets..CARDIGANS
http://www.nytcrossword.com/2016/06/0617-16-new-york-times-crossword.html;
59...Early growth areas..UTERI
http://www.nytcrossword.com/2016/06/0617-16-new-york-times-crossword.html;
61...One with eye patches..PANDA
http://www.nytcrossword.com/2016/06/0617-16-new-york-times-crossword.html;
1...Tabasco, por ejemplo..ESTADO
http://www.nytcrossword.com/2016/06/0617-16-new-york-times-crossword.html;
2...Reception annoyance..STATIC
http://www.nytcrossword.com/2016/06/0617-16-new-york-times-crossword.html;
4...Hanoi-to-Beijing dir...NNE
http://www.nytcrossword.com/2016/06/0617-16-new-york-times-crossword.html;
5...Chill out..REST
http://www.nytcrossword.com/2016/06/0617-16-new-york-times-crossword.html;
6...Potential reaction to a cat..ACHOO
http://www.nytcrossword.com/2016/06/0617-16-new-york-times-crossword.html;
7...Makes a dead duck..DOOMS
http://www.nytcrossword.com/2016/06/0617-16-new-york-times-crossword.html;
9...Matchless?..ODD
http://www.nytcrossword.com/2016/06/0617-16-new-york-times-crossword.html;
10...Actress Polo and others..TERIS
http://www.nytcrossword.com/2016/06/0617-16-new-york-times-crossword.html;
11...Shoot out..EMIT
http://www.nytcrossword.com/2016/06/0617-16-new-york-times-crossword.html;
13...Senators' supporters, largely..OTTAWANS
http://www.nytcrossword.com/2016/06/0617-16-new-york-times-crossword.html;
21...Wear for Japan's Coming of Age Day..KIMONO
http://www.nytcrossword.com/2016/06/0617-16-new-york-times-crossword.html;
23...State with the most mountain ranges..NEVADA
http://www.nytcrossword.com/2016/06/0617-16-new-york-times-crossword.html;
25...Big name in projectors..RICOH
http://www.nytcrossword.com/2016/06/0617-16-new-york-times-crossword.html;
28...Big name in mowers..TORO
http://www.nytcrossword.com/2016/06/0617-16-new-york-times-crossword.html;
30...One multiplying by division..AMOEBA
http://www.nytcrossword.com/2016/06/0617-16-new-york-times-crossword.html;
33...French film award..CESAR
http://www.nytcrossword.com/2016/06/0617-16-new-york-times-crossword.html;
34...Pristine..MINT
http://www.nytcrossword.com/2016/06/0617-16-new-york-times-crossword.html;
35...Panini bread..CIABATTA
http://www.nytcrossword.com/2016/06/0617-16-new-york-times-crossword.html;
39...Person, e.g...PRIMATE
http://www.nytcrossword.com/2016/06/0617-16-new-york-times-crossword.html;
43...Go after..ASSAIL
http://www.nytcrossword.com/2016/06/0617-16-new-york-times-crossword.html;
44...Girl in a Beach Boys hit..RHONDA
http://www.nytcrossword.com/2016/06/0617-16-new-york-times-crossword.html;
45...Saw, say..SENSED
http://www.nytcrossword.com/2016/06/0617-16-new-york-times-crossword.html;
47...Lumia smartphone launcher..NOKIA
http://www.nytcrossword.com/2016/06/0617-16-new-york-times-crossword.html;
48...The "Velvet" half of jazz's "Velvet & Brass"..TORME
http://www.nytcrossword.com/2016/06/0617-16-new-york-times-crossword.html;
52...Fatten..LARD
http://www.nytcrossword.com/2016/06/0617-16-new-york-times-crossword.html;
54...Things laid on scapegoats..SINS
http://www.nytcrossword.com/2016/06/0617-16-new-york-times-crossword.html;
57...Hotel waiter?..CAB
http://www.nytcrossword.com/2016/06/0617-16-new-york-times-crossword.html;
58...Fed. purchasing agency..GSA
http://www.nytcrossword.com/2016/08/0808-16-new-york-times-crossword.html;
1...Home of the N.F.L.'s Dolphins..MIAMI
http://www.nytcrossword.com/2016/08/0808-16-new-york-times-crossword.html;
6...iPhone purchases..APPS
http://www.nytcrossword.com/2016/08/0808-16-new-york-times-crossword.html;
10...Objects of an Easter hunt..EGGS
http://www.nytcrossword.com/2016/08/0808-16-new-york-times-crossword.html;
14...Of the city..URBAN
http://www.nytcrossword.com/2016/08/0808-16-new-york-times-crossword.html;
15..."Shoot!"..DARN!
http://www.nytcrossword.com/2016/08/0808-16-new-york-times-crossword.html;
16...Squirrel's home..TREE
http://www.nytcrossword.com/2016/08/0808-16-new-york-times-crossword.html;
19...___ diagram..VENN
http://www.nytcrossword.com/2016/08/0808-16-new-york-times-crossword.html;
20...It acquired Lucasfilm in 2012..DISNEY
http://www.nytcrossword.com/2016/08/0808-16-new-york-times-crossword.html;
21...Squirrel away..HOARD
http://www.nytcrossword.com/2016/08/0808-16-new-york-times-crossword.html;
22...Garfield's favorite food, in the comics..LASAGNA
http://www.nytcrossword.com/2016/08/0808-16-new-york-times-crossword.html;
25...Upscale business accommodations..SUITES
http://www.nytcrossword.com/2016/08/0808-16-new-york-times-crossword.html;
26...Like the accent in "é"..ACUTE
http://www.nytcrossword.com/2016/08/0808-16-new-york-times-crossword.html;
27...Dishonorable..IGNOBLE
http://www.nytcrossword.com/2016/08/0808-16-new-york-times-crossword.html;
30...Apologize for one's sins..REPENT
http://www.nytcrossword.com/2016/08/0808-16-new-york-times-crossword.html;
32...007 creator Fleming..IAN
http://www.nytcrossword.com/2016/08/0808-16-new-york-times-crossword.html;
33...Pale as a ghost..ASHY
http://www.nytcrossword.com/2016/08/0808-16-new-york-times-crossword.html;
36...Contend..VIE
http://www.nytcrossword.com/2016/08/0808-16-new-york-times-crossword.html;
37...*Winner of 11 1997 Oscars..TITANIC
http://www.nytcrossword.com/2016/08/0808-16-new-york-times-crossword.html;
40...Iowa's ___ College..COE
http://www.nytcrossword.com/2016/08/0808-16-new-york-times-crossword.html;
41...Sister brand of Gillette's Sensor..ATRA
http://www.nytcrossword.com/2016/08/0808-16-new-york-times-crossword.html;
43...Sportscaster Berman..LEN
http://www.nytcrossword.com/2016/08/0808-16-new-york-times-crossword.html;
44...Jewish mysticism..CABALA
http://www.nytcrossword.com/2016/08/0808-16-new-york-times-crossword.html;
46...Sidewalks line them..STREETS
http://www.nytcrossword.com/2016/08/0808-16-new-york-times-crossword.html;
49...Easy runs..LOPES
http://www.nytcrossword.com/2016/08/0808-16-new-york-times-crossword.html;
50...Ear trouble..OTITIS
http://www.nytcrossword.com/2016/08/0808-16-new-york-times-crossword.html;
52...Like the Burj Khalifa among all the buildings in the world..TALLEST
http://www.nytcrossword.com/2016/08/0808-16-new-york-times-crossword.html;
54...Seeing stars..DAZED
http://www.nytcrossword.com/2016/08/0808-16-new-york-times-crossword.html;
55...Orchestra section next to the cellos..VIOLAS
http://www.nytcrossword.com/2016/08/0808-16-new-york-times-crossword.html;
57...City near Provo Peak..OREM
http://www.nytcrossword.com/2016/08/0808-16-new-york-times-crossword.html;
62...Easy win..ROMP
http://www.nytcrossword.com/2016/08/0808-16-new-york-times-crossword.html;
63...Amoeba's shape..BLOB
http://www.nytcrossword.com/2016/08/0808-16-new-york-times-crossword.html;
64..."The Tortoise and the Hare" fabulist..AESOP
http://www.nytcrossword.com/2016/08/0808-16-new-york-times-crossword.html;
65...Editor's "Let it stay"..STET
http://www.nytcrossword.com/2016/08/0808-16-new-york-times-crossword.html;
66...Leading man Grant..CARY
http://www.nytcrossword.com/2016/08/0808-16-new-york-times-crossword.html;
67...Temper tantrum throwers..BRATS
http://www.nytcrossword.com/2016/08/0808-16-new-york-times-crossword.html;
1...Root beer container..MUG
http://www.nytcrossword.com/2016/08/0808-16-new-york-times-crossword.html;
2...Like the verb "to be": Abbr...IRR
http://www.nytcrossword.com/2016/08/0808-16-new-york-times-crossword.html;
3...Attorneys' org...ABA
http://www.nytcrossword.com/2016/08/0808-16-new-york-times-crossword.html;
4...What a landslide political victory confers..MANDATE
http://www.nytcrossword.com/2016/08/0808-16-new-york-times-crossword.html;
5...Poor..INDIGENT
http://www.nytcrossword.com/2016/08/0808-16-new-york-times-crossword.html;
6...God, in the Torah..ADONAI
http://www.nytcrossword.com/2016/08/0808-16-new-york-times-crossword.html;
7...Fancy party spread..PATE
http://www.nytcrossword.com/2016/08/0808-16-new-york-times-crossword.html;
8...Flies, to spiders..PREY
http://www.nytcrossword.com/2016/08/0808-16-new-york-times-crossword.html;
9..."Weekend Update" show, for short..SNL
http://www.nytcrossword.com/2016/08/0808-16-new-york-times-crossword.html;
12...Rom-com or horror..GENRE
http://www.nytcrossword.com/2016/08/0808-16-new-york-times-crossword.html;
13...Drops off at the post office..SENDS
http://www.nytcrossword.com/2016/08/0808-16-new-york-times-crossword.html;
18...QVC alternative..HSN
http://www.nytcrossword.com/2016/08/0808-16-new-york-times-crossword.html;
21...Airline's base of operations..HUB
http://www.nytcrossword.com/2016/08/0808-16-new-york-times-crossword.html;
22...Immature stage..LARVA
http://www.nytcrossword.com/2016/08/0808-16-new-york-times-crossword.html;
25...___ boom (what a jet may create)..SONIC
http://www.nytcrossword.com/2016/08/0808-16-new-york-times-crossword.html;
28...*1956 James Dean western..GIANT
http://www.nytcrossword.com/2016/08/0808-16-new-york-times-crossword.html;
29...Bert's sister in "The Bobbsey Twins"..NAN
http://www.nytcrossword.com/2016/08/0808-16-new-york-times-crossword.html;
31...Scrabble rackful..TILES
http://www.nytcrossword.com/2016/08/0808-16-new-york-times-crossword.html;
34...What colanders and Swiss cheese both have..HOLES
http://www.nytcrossword.com/2016/08/0808-16-new-york-times-crossword.html;
35...Brewer's fermenting agent..YEAST
http://www.nytcrossword.com/2016/08/0808-16-new-york-times-crossword.html;
38...Perch for a golf ball..TEE
http://www.nytcrossword.com/2016/08/0808-16-new-york-times-crossword.html;
42...Have a go at..ATTEMPT
http://www.nytcrossword.com/2016/08/0808-16-new-york-times-crossword.html;
45...Strengthen..BOLSTER
http://www.nytcrossword.com/2016/08/0808-16-new-york-times-crossword.html;
47...Get ___ of (throw away)..RID
http://www.nytcrossword.com/2016/08/0808-16-new-york-times-crossword.html;
50...Dump emanations..ODORS
http://www.nytcrossword.com/2016/08/0808-16-new-york-times-crossword.html;
51...Deck with 78 cards..TAROT
http://www.nytcrossword.com/2016/08/0808-16-new-york-times-crossword.html;
53..."___ Baba and the 40 Thieves"..ALI
http://www.nytcrossword.com/2016/08/0808-16-new-york-times-crossword.html;
56...Hunchbacked assistant of film..IGOR
http://www.nytcrossword.com/2016/08/0808-16-new-york-times-crossword.html;
58...TV channel established under a royal charter..BBC
http://www.nytcrossword.com/2016/08/0808-16-new-york-times-crossword.html;
59...Springsteen's "Born in the ___"..USA
http://www.nytcrossword.com/2016/08/0808-16-new-york-times-crossword.html;
60...Go beyond ripe..ROT
http://www.nytcrossword.com/2016/08/0808-16-new-york-times-crossword.html;
61...Short albums, for short..EPS
http://www.nytcrossword.com/2016/09/0919-16-new-york-times-crossword.html;
1...Termini..ENDS
http://www.nytcrossword.com/2016/09/0919-16-new-york-times-crossword.html;
5...Black ___ (deadly African snake)..MAMBA
http://www.nytcrossword.com/2016/09/0919-16-new-york-times-crossword.html;
10..."Beat it!"..SCRAM!
http://www.nytcrossword.com/2016/09/0919-16-new-york-times-crossword.html;
15...Most important part of a carrot or turnip plant..ROOT
http://www.nytcrossword.com/2016/09/0919-16-new-york-times-crossword.html;
16...South American range..ANDES
http://www.nytcrossword.com/2016/09/0919-16-new-york-times-crossword.html;
17...___ Island Red (chicken variety)..RHODE
http://www.nytcrossword.com/2016/09/0919-16-new-york-times-crossword.html;
20..."The X Factor" judge Cowell..SIMON
http://www.nytcrossword.com/2016/09/0919-16-new-york-times-crossword.html;
21...___ Arena, home to the Kentucky Wildcats..RUPP
http://www.nytcrossword.com/2016/09/0919-16-new-york-times-crossword.html;
22...Feel lousy..AIL
http://www.nytcrossword.com/2016/09/0919-16-new-york-times-crossword.html;
24...Socially maladroit sort..NERD
http://www.nytcrossword.com/2016/09/0919-16-new-york-times-crossword.html;
30..."Humbug!"..BAH!
http://www.nytcrossword.com/2016/09/0919-16-new-york-times-crossword.html;
32...Secluded valley..GLEN
http://www.nytcrossword.com/2016/09/0919-16-new-york-times-crossword.html;
33...Pinball foul..TILT
http://www.nytcrossword.com/2016/09/0919-16-new-york-times-crossword.html;
36...&..AND
http://www.nytcrossword.com/2016/09/0919-16-new-york-times-crossword.html;
37..."Medium hamburger and a Coke," e.g...ORDER
http://www.nytcrossword.com/2016/09/0919-16-new-york-times-crossword.html;
46...Cub Scout leader named after a character in "The Jungle Book"..AKELA
http://www.nytcrossword.com/2016/09/0919-16-new-york-times-crossword.html;
47...Part of a hosp. with oxygen tents..ICU
http://www.nytcrossword.com/2016/09/0919-16-new-york-times-crossword.html;
48...Deviant, in slang..PERV
http://www.nytcrossword.com/2016/09/0919-16-new-york-times-crossword.html;
49..."On top of that ..."..ALSO ...
http://www.nytcrossword.com/2016/09/0919-16-new-york-times-crossword.html;
52...Innocent sort..NAIF
http://www.nytcrossword.com/2016/09/0919-16-new-york-times-crossword.html;
54...Soak (up)..SOP
http://www.nytcrossword.com/2016/09/0919-16-new-york-times-crossword.html;
60...Redwood or dogwood..TREE
http://www.nytcrossword.com/2016/09/0919-16-new-york-times-crossword.html;
61...Aunt: Sp...TIA
http://www.nytcrossword.com/2016/09/0919-16-new-york-times-crossword.html;
62...Pub potables..ALES
http://www.nytcrossword.com/2016/09/0919-16-new-york-times-crossword.html;
64...Hearing-related..AURAL
http://www.nytcrossword.com/2016/09/0919-16-new-york-times-crossword.html;
71...Lip shine..GLOSS
http://www.nytcrossword.com/2016/09/0919-16-new-york-times-crossword.html;
72...First president to visit China..NIXON
http://www.nytcrossword.com/2016/09/0919-16-new-york-times-crossword.html;
73...Unclothed..NUDE
http://www.nytcrossword.com/2016/09/0919-16-new-york-times-crossword.html;
75...Rear of a ship..STERN
http://www.nytcrossword.com/2016/09/0919-16-new-york-times-crossword.html;
76...Long-armed banana lovers..APES
http://www.nytcrossword.com/2016/09/0919-16-new-york-times-crossword.html;
1...Suffix with north..-ERN
http://www.nytcrossword.com/2016/09/0919-16-new-york-times-crossword.html;
2...Detective fiction genre..NOIR
http://www.nytcrossword.com/2016/09/0919-16-new-york-times-crossword.html;
4...___ Curry, 2015 and '16 N.B.A. M.V.P...STEPH
http://www.nytcrossword.com/2016/09/0919-16-new-york-times-crossword.html;
5...China's ___ Zedong..MAO
http://www.nytcrossword.com/2016/09/0919-16-new-york-times-crossword.html;
6...___ Arbor, Mich...ANN
http://www.nytcrossword.com/2016/09/0919-16-new-york-times-crossword.html;
7...Summer hrs. in Colorado..MDT
http://www.nytcrossword.com/2016/09/0919-16-new-york-times-crossword.html;
8...Joy of "The View"..BEHAR
http://www.nytcrossword.com/2016/09/0919-16-new-york-times-crossword.html;
9...Passing a ball to a scorer, e.g...ASSIST
http://www.nytcrossword.com/2016/09/0919-16-new-york-times-crossword.html;
10...Grads-to-be: Abbr...SRS
http://www.nytcrossword.com/2016/09/0919-16-new-york-times-crossword.html;
12...Juliet's love..ROMEO
http://www.nytcrossword.com/2016/09/0919-16-new-york-times-crossword.html;
13...Decorate..ADORN
http://www.nytcrossword.com/2016/09/0919-16-new-york-times-crossword.html;
14...Gives a darn?..MENDS
http://www.nytcrossword.com/2016/09/0919-16-new-york-times-crossword.html;
19...Digital video file format..MPEG
http://www.nytcrossword.com/2016/09/0919-16-new-york-times-crossword.html;
23...Necklace for one in a hula skirt..LEI
http://www.nytcrossword.com/2016/09/0919-16-new-york-times-crossword.html;
26...Imperfection..FLAW
http://www.nytcrossword.com/2016/09/0919-16-new-york-times-crossword.html;
27...Wine: Prefix..OENO-
http://www.nytcrossword.com/2016/09/0919-16-new-york-times-crossword.html;
28...Bring to naught..UNDO
http://www.nytcrossword.com/2016/09/0919-16-new-york-times-crossword.html;
29...Surname of the only M.L.B. brother trio to play together in the outfield..ALOU
http://www.nytcrossword.com/2016/09/0919-16-new-york-times-crossword.html;
30...___ Men ("Who Let the Dogs Out" band)..BAHA
http://www.nytcrossword.com/2016/09/0919-16-new-york-times-crossword.html;
31...In a frenzy..AMOK
http://www.nytcrossword.com/2016/09/0919-16-new-york-times-crossword.html;
39...Designer Saarinen..EERO
http://www.nytcrossword.com/2016/09/0919-16-new-york-times-crossword.html;
40...Request in an invitation..RSVP
http://www.nytcrossword.com/2016/09/0919-16-new-york-times-crossword.html;
42...Last Ivy League school alphabetically..YALE
http://www.nytcrossword.com/2016/09/0919-16-new-york-times-crossword.html;
43...Actress Merrill..DINA
http://www.nytcrossword.com/2016/09/0919-16-new-york-times-crossword.html;
44...Digitize, as a document..SCAN
http://www.nytcrossword.com/2016/09/0919-16-new-york-times-crossword.html;
45...___ pro quo..QUID
http://www.nytcrossword.com/2016/09/0919-16-new-york-times-crossword.html;
50..."Ready, ___, go!"..SET
http://www.nytcrossword.com/2016/09/0919-16-new-york-times-crossword.html;
51...They can bring tears to chefs' eyes..ONIONS
http://www.nytcrossword.com/2016/09/0919-16-new-york-times-crossword.html;
53...Custardy dessert..FLAN
http://www.nytcrossword.com/2016/09/0919-16-new-york-times-crossword.html;
55...Men-only parties..STAGS
http://www.nytcrossword.com/2016/09/0919-16-new-york-times-crossword.html;
57...Pioneer in photocopying..XEROX
http://www.nytcrossword.com/2016/09/0919-16-new-york-times-crossword.html;
59...Justice Kagan..ELENA
http://www.nytcrossword.com/2016/09/0919-16-new-york-times-crossword.html;
63...One-named singer with the 1985 hit "Smooth Operator"..SADE
http://www.nytcrossword.com/2016/09/0919-16-new-york-times-crossword.html;
65...Drug for tripping..LSD
http://www.nytcrossword.com/2016/09/0919-16-new-york-times-crossword.html;
67...Palindromic file extension..EXE
http://www.nytcrossword.com/2016/09/0919-16-new-york-times-crossword.html;
68...In favor of..FOR
http://www.nytcrossword.com/2016/09/0919-16-new-york-times-crossword.html;
69...Word with Comfort or Holiday..INN
http://www.nytcrossword.com/2016/09/0919-16-new-york-times-crossword.html;
70..."Absolutely!"..YES!
http://www.nytcrossword.com/2016/10/1027-16-new-york-times-crossword.html;
22. Like many celebrity memoirs : (GHOST)WRITTEN
http://www.nytcrossword.com/2016/10/1027-16-new-york-times-crossword.html;
53. Monster film hit of 1984 : (GHOST)BUSTERS
http://www.nytcrossword.com/2016/12/1205-16-new-york-times-crossword.html;I don't believe any of you banana heads. It would take that long just to read the clues and write down the answers. Based on a completion time of 30 minutes (1,800 seconds) and 140 clues, you'd have to read, solve and write in each answer in approximately 13 seconds. Yeah, right!  If you can do that, you'd be fools not to go on Jeopardy! and line your pockets with gold.
http://www.nytcrossword.com/2016/12/1224-16-new-york-times-crossword.html;never